---
source: src/cli/plugins/uninstall.rs
expression: stdout
---

