---
source: src/cli/plugins/uninstall.rs
expression: stdout
---
uninstalling plugin: nodejs
