---
source: src/config/config_file/mise_toml.rs
expression: cf.dump().unwrap()
snapshot_kind: text
---
[tools]
node = ["16.0.1", "18.0.1"]
