---
source: src/config/config_file/mise_toml.rs
expression: cf
---
/tmp/.mise.toml: 
