---
source: src/config/config_file/rtx_toml.rs
expression: cf.dump()
---
[env]
foo="bar"

