---
source: src/cli/self_update/other.rs
expression: err
---
Self-update is not supported
