---
source: src/shell/fish.rs
expression: replace_path(&deactivate)
snapshot_kind: text
---
functions --erase __mise_env_eval
functions --erase __mise_env_eval_2
functions --erase __mise_cd_hook
functions --erase mise
set -e MISE_SHELL
set -e __MISE_DIFF
set -e __MISE_SESSION
