---
source: src/shell/zsh.rs
expression: "Zsh::default().set_env(\"FOO\", \"1\")"
snapshot_kind: text
---
export FOO=1
