---
source: src/cli/local.rs
expression: output
snapshot_kind: text
---
1.1.0
