---
source: src/cli/local.rs
expression: output
snapshot_kind: text
---
~/cwd/.test-tool-versions
