---
source: src/cli/deactivate.rs
expression: err
snapshot_kind: text
---
mise is not activated in this shell session.
Please run `mise activate` first in your shell rc file.
