---
source: src/cli/local.rs
expression: output
snapshot_kind: text
---
ref:master
