---
source: src/cli/set.rs
expression: "file::read_to_string(cf_path).unwrap()"
---
[env]

