---
source: src/cli/ls.rs
expression: output
---

