---
source: src/cli/shell.rs
expression: output
---
export RTX_TINY_VERSION=1.0.1


