---
source: src/cli/local.rs
expression: output
---
system

