---
source: src/cli/trust.rs
expression: output
---
untrusted ~/cwd/.test-tool-versions

