---
source: src/cli/global.rs
expression: output
---
tiny 2

