---
source: src/cli/ls.rs
expression: output
---
   tiny 2.0.0                
-> tiny 3.1.0                (set by ~/cwd/.test-tool-versions)

