---
source: src/cli/current.rs
expression: output
---
tiny 3.1.0

