---
source: src/cli/which.rs
expression: output
---
1.0.0

