---
source: src/cli/install.rs
expression: output
---

