---
source: src/cli/global.rs
expression: stdout
---
shfmt 2.6.4
