---
source: src/cli/use.rs
expression: output
---
rtx ~/cwd/.test.rtx.toml tiny@2

