---
source: src/cli/ls_remote.rs
expression: stdout
---
1.0.0
1.1.0
2.0.0

