---
source: src/cli/direnv/envrc.rs
expression: envrc
---
### Do not edit. This was autogenerated by 'asdf direnv envrc' ###
watch_file ~/cwd/.tool-versions
watch_file ~/cwd/.node-version
watch_file ~/.tool-versions
export JDXCODE_TINY=2.1.0
PATH_add ~/data/installs/jq/1.6/bin
PATH_add ~/data/installs/tiny/2.1.0/bin
PATH_add ~/data/installs/shellcheck/0.9.0/bin
PATH_add ~/data/installs/shfmt/3.5.1/bin

