---
source: src/direnv.rs
expression: "diff.new.get(\"PATH\").unwrap()"
---
/tmp
